I'm sorry, but errors were detected in your script. Please correct the
errors listed below, and try again.


File "game/screens.rpy", line 159: style property s is not known.
    color "#FFF"s
                 ^

Ren'Py Version: Ren'Py 8.1.1.23060707
Mon Jun 26 00:21:06 2023
